*************************** 1. row ***************************
            File: host2-bin.001234
        Position: 123456789
    Binlog_Do_DB: 
Binlog_Ignore_DB: 
